  Determining projects to restore...
  All projects are up-to-date for restore.
  QBExternalWebLibrary -> C:\Projects\QBECommerce_git\QBECommerce\QBExternalWebLibrary\QBExternalWebLibrary\bin\Debug\net9.0\QBExternalWebLibrary.dll
C:\Projects\QBECommerce_git\QBECommerce\ShopQualityboltWebBlazor\Components\CustomComponents\CheckoutErrorDialog.razor(43,9): error RZ10001: The type of component 'MudList' cannot be inferred based on the values provided. Consider specifying the type arguments directly using the following attributes: 'T'. [C:\Projects\QBECommerce_git\QBECommerce\ShopQualityboltWebBlazor\ShopQualityboltWebBlazor.csproj]
C:\Projects\QBECommerce_git\QBECommerce\ShopQualityboltWebBlazor\Components\CustomComponents\CheckoutErrorDialog.razor(44,13): error RZ10001: The type of component 'MudListItem' cannot be inferred based on the values provided. Consider specifying the type arguments directly using the following attributes: 'T'. [C:\Projects\QBECommerce_git\QBECommerce\ShopQualityboltWebBlazor\ShopQualityboltWebBlazor.csproj]
C:\Projects\QBECommerce_git\QBECommerce\ShopQualityboltWebBlazor\Components\CustomComponents\CheckoutErrorDialog.razor(47,13): error RZ10001: The type of component 'MudListItem' cannot be inferred based on the values provided. Consider specifying the type arguments directly using the following attributes: 'T'. [C:\Projects\QBECommerce_git\QBECommerce\ShopQualityboltWebBlazor\ShopQualityboltWebBlazor.csproj]
C:\Projects\QBECommerce_git\QBECommerce\ShopQualityboltWebBlazor\Components\CustomComponents\CheckoutErrorDialog.razor(50,13): error RZ10001: The type of component 'MudListItem' cannot be inferred based on the values provided. Consider specifying the type arguments directly using the following attributes: 'T'. [C:\Projects\QBECommerce_git\QBECommerce\ShopQualityboltWebBlazor\ShopQualityboltWebBlazor.csproj]
C:\Projects\QBECommerce_git\QBECommerce\ShopQualityboltWebBlazor\Components\CustomComponents\CheckoutErrorDialog.razor(100,43): error RZ1000: Unterminated string literal.  Strings that start with a quotation mark (") must be terminated before the end of the line.  However, strings that start with @ and a quotation mark (@") can span multiple lines. [C:\Projects\QBECommerce_git\QBECommerce\ShopQualityboltWebBlazor\ShopQualityboltWebBlazor.csproj]
C:\Projects\QBECommerce_git\QBECommerce\ShopQualityboltWebBlazor\Components\CustomComponents\CheckoutErrorDialog.razor(101,1): error RZ1000: Unterminated string literal.  Strings that start with a quotation mark (") must be terminated before the end of the line.  However, strings that start with @ and a quotation mark (@") can span multiple lines. [C:\Projects\QBECommerce_git\QBECommerce\ShopQualityboltWebBlazor\ShopQualityboltWebBlazor.csproj]
C:\Projects\QBECommerce_git\QBECommerce\ShopQualityboltWebBlazor\Components\Layout\MainLayout.razor(53,21): warning CS8669: The annotation for nullable reference types should only be used in code within a '#nullable' annotations context. Auto-generated code requires an explicit '#nullable' directive in source. [C:\Projects\QBECommerce_git\QBECommerce\ShopQualityboltWebBlazor\ShopQualityboltWebBlazor.csproj]
C:\Projects\QBECommerce_git\QBECommerce\ShopQualityboltWebBlazor\Components\CustomComponents\UserDialog.razor(85,37): warning CS8669: The annotation for nullable reference types should only be used in code within a '#nullable' annotations context. Auto-generated code requires an explicit '#nullable' directive in source. [C:\Projects\QBECommerce_git\QBECommerce\ShopQualityboltWebBlazor\ShopQualityboltWebBlazor.csproj]
C:\Projects\QBECommerce_git\QBECommerce\ShopQualityboltWebBlazor\Components\CustomComponents\UserDialog.razor(208,22): warning CS8669: The annotation for nullable reference types should only be used in code within a '#nullable' annotations context. Auto-generated code requires an explicit '#nullable' directive in source. [C:\Projects\QBECommerce_git\QBECommerce\ShopQualityboltWebBlazor\ShopQualityboltWebBlazor.csproj]
C:\Projects\QBECommerce_git\QBECommerce\ShopQualityboltWebBlazor\Components\CustomComponents\UserDialog.razor(209,22): warning CS8669: The annotation for nullable reference types should only be used in code within a '#nullable' annotations context. Auto-generated code requires an explicit '#nullable' directive in source. [C:\Projects\QBECommerce_git\QBECommerce\ShopQualityboltWebBlazor\ShopQualityboltWebBlazor.csproj]
C:\Projects\QBECommerce_git\QBECommerce\ShopQualityboltWebBlazor\Components\CustomComponents\UserDialog.razor(210,22): warning CS8669: The annotation for nullable reference types should only be used in code within a '#nullable' annotations context. Auto-generated code requires an explicit '#nullable' directive in source. [C:\Projects\QBECommerce_git\QBECommerce\ShopQualityboltWebBlazor\ShopQualityboltWebBlazor.csproj]
C:\Projects\QBECommerce_git\QBECommerce\ShopQualityboltWebBlazor\Components\Pages\Error.razor(29,24): warning CS8669: The annotation for nullable reference types should only be used in code within a '#nullable' annotations context. Auto-generated code requires an explicit '#nullable' directive in source. [C:\Projects\QBECommerce_git\QBECommerce\ShopQualityboltWebBlazor\ShopQualityboltWebBlazor.csproj]
C:\Projects\QBECommerce_git\QBECommerce\ShopQualityboltWebBlazor\Components\Pages\Error.razor(31,19): warning CS8669: The annotation for nullable reference types should only be used in code within a '#nullable' annotations context. Auto-generated code requires an explicit '#nullable' directive in source. [C:\Projects\QBECommerce_git\QBECommerce\ShopQualityboltWebBlazor\ShopQualityboltWebBlazor.csproj]
C:\Projects\QBECommerce_git\QBECommerce\ShopQualityboltWebBlazor\Components\Pages\DebugMigrationStatus.razor(204,32): warning CS8669: The annotation for nullable reference types should only be used in code within a '#nullable' annotations context. Auto-generated code requires an explicit '#nullable' directive in source. [C:\Projects\QBECommerce_git\QBECommerce\ShopQualityboltWebBlazor\ShopQualityboltWebBlazor.csproj]
C:\Projects\QBECommerce_git\QBECommerce\ShopQualityboltWebBlazor\Components\Pages\DebugMigrationStatus.razor(205,19): warning CS8669: The annotation for nullable reference types should only be used in code within a '#nullable' annotations context. Auto-generated code requires an explicit '#nullable' directive in source. [C:\Projects\QBECommerce_git\QBECommerce\ShopQualityboltWebBlazor\ShopQualityboltWebBlazor.csproj]
C:\Projects\QBECommerce_git\QBECommerce\ShopQualityboltWebBlazor\Components\Pages\AdminUsers.razor(117,52): warning CS8669: The annotation for nullable reference types should only be used in code within a '#nullable' annotations context. Auto-generated code requires an explicit '#nullable' directive in source. [C:\Projects\QBECommerce_git\QBECommerce\ShopQualityboltWebBlazor\ShopQualityboltWebBlazor.csproj]
C:\Projects\QBECommerce_git\QBECommerce\ShopQualityboltWebBlazor\Components\Pages\Cart.razor(384,99): warning CS8669: The annotation for nullable reference types should only be used in code within a '#nullable' annotations context. Auto-generated code requires an explicit '#nullable' directive in source. [C:\Projects\QBECommerce_git\QBECommerce\ShopQualityboltWebBlazor\ShopQualityboltWebBlazor.csproj]
C:\Projects\QBECommerce_git\QBECommerce\ShopQualityboltWebBlazor\Components\Pages\Login.razor(98,19): warning CS8669: The annotation for nullable reference types should only be used in code within a '#nullable' annotations context. Auto-generated code requires an explicit '#nullable' directive in source. [C:\Projects\QBECommerce_git\QBECommerce\ShopQualityboltWebBlazor\ShopQualityboltWebBlazor.csproj]
C:\Projects\QBECommerce_git\QBECommerce\ShopQualityboltWebBlazor\Components\Pages\Login.razor(99,19): warning CS8669: The annotation for nullable reference types should only be used in code within a '#nullable' annotations context. Auto-generated code requires an explicit '#nullable' directive in source. [C:\Projects\QBECommerce_git\QBECommerce\ShopQualityboltWebBlazor\ShopQualityboltWebBlazor.csproj]
C:\Projects\QBECommerce_git\QBECommerce\ShopQualityboltWebBlazor\Components\Pages\Login.razor(100,19): warning CS8669: The annotation for nullable reference types should only be used in code within a '#nullable' annotations context. Auto-generated code requires an explicit '#nullable' directive in source. [C:\Projects\QBECommerce_git\QBECommerce\ShopQualityboltWebBlazor\ShopQualityboltWebBlazor.csproj]
C:\Projects\QBECommerce_git\QBECommerce\ShopQualityboltWebBlazor\Components\Pages\Catalog.razor(153,44): warning CS8669: The annotation for nullable reference types should only be used in code within a '#nullable' annotations context. Auto-generated code requires an explicit '#nullable' directive in source. [C:\Projects\QBECommerce_git\QBECommerce\ShopQualityboltWebBlazor\ShopQualityboltWebBlazor.csproj]
C:\Projects\QBECommerce_git\QBECommerce\ShopQualityboltWebBlazor\Components\CustomComponents\CheckoutErrorDialog.razor(67,33): error CS1002: ; expected [C:\Projects\QBECommerce_git\QBECommerce\ShopQualityboltWebBlazor\ShopQualityboltWebBlazor.csproj]
C:\Projects\QBECommerce_git\QBECommerce\ShopQualityboltWebBlazor\Components\CustomComponents\CheckoutErrorDialog.razor(67,47): error CS1525: Invalid expression term '=' [C:\Projects\QBECommerce_git\QBECommerce\ShopQualityboltWebBlazor\ShopQualityboltWebBlazor.csproj]
C:\Projects\QBECommerce_git\QBECommerce\ShopQualityboltWebBlazor\Components\CustomComponents\CheckoutErrorDialog.razor(70,5): error CS0106: The modifier 'public' is not valid for this item [C:\Projects\QBECommerce_git\QBECommerce\ShopQualityboltWebBlazor\ShopQualityboltWebBlazor.csproj]
C:\Projects\QBECommerce_git\QBECommerce\ShopQualityboltWebBlazor\Components\CustomComponents\CheckoutErrorDialog.razor(70,25): error CS1002: ; expected [C:\Projects\QBECommerce_git\QBECommerce\ShopQualityboltWebBlazor\ShopQualityboltWebBlazor.csproj]
C:\Projects\QBECommerce_git\QBECommerce\ShopQualityboltWebBlazor\Components\CustomComponents\CheckoutErrorDialog.razor(70,39): error CS1525: Invalid expression term '=' [C:\Projects\QBECommerce_git\QBECommerce\ShopQualityboltWebBlazor\ShopQualityboltWebBlazor.csproj]
C:\Projects\QBECommerce_git\QBECommerce\ShopQualityboltWebBlazor\Components\CustomComponents\CheckoutErrorDialog.razor(73,5): error CS0106: The modifier 'public' is not valid for this item [C:\Projects\QBECommerce_git\QBECommerce\ShopQualityboltWebBlazor\ShopQualityboltWebBlazor.csproj]
C:\Projects\QBECommerce_git\QBECommerce\ShopQualityboltWebBlazor\Components\CustomComponents\CheckoutErrorDialog.razor(73,27): error CS1002: ; expected [C:\Projects\QBECommerce_git\QBECommerce\ShopQualityboltWebBlazor\ShopQualityboltWebBlazor.csproj]
C:\Projects\QBECommerce_git\QBECommerce\ShopQualityboltWebBlazor\Components\CustomComponents\CheckoutErrorDialog.razor(73,41): error CS1525: Invalid expression term '=' [C:\Projects\QBECommerce_git\QBECommerce\ShopQualityboltWebBlazor\ShopQualityboltWebBlazor.csproj]
C:\Projects\QBECommerce_git\QBECommerce\ShopQualityboltWebBlazor\Components\CustomComponents\CheckoutErrorDialog.razor(76,5): error CS0106: The modifier 'public' is not valid for this item [C:\Projects\QBECommerce_git\QBECommerce\ShopQualityboltWebBlazor\ShopQualityboltWebBlazor.csproj]
C:\Projects\QBECommerce_git\QBECommerce\ShopQualityboltWebBlazor\Components\CustomComponents\CheckoutErrorDialog.razor(76,29): error CS1002: ; expected [C:\Projects\QBECommerce_git\QBECommerce\ShopQualityboltWebBlazor\ShopQualityboltWebBlazor.csproj]
C:\Projects\QBECommerce_git\QBECommerce\ShopQualityboltWebBlazor\Components\CustomComponents\CheckoutErrorDialog.razor(76,43): error CS1525: Invalid expression term '=' [C:\Projects\QBECommerce_git\QBECommerce\ShopQualityboltWebBlazor\ShopQualityboltWebBlazor.csproj]
C:\Projects\QBECommerce_git\QBECommerce\ShopQualityboltWebBlazor\Components\CustomComponents\CheckoutErrorDialog.razor(79,5): error CS0106: The modifier 'public' is not valid for this item [C:\Projects\QBECommerce_git\QBECommerce\ShopQualityboltWebBlazor\ShopQualityboltWebBlazor.csproj]
C:\Projects\QBECommerce_git\QBECommerce\ShopQualityboltWebBlazor\Components\CustomComponents\CheckoutErrorDialog.razor(79,36): error CS1002: ; expected [C:\Projects\QBECommerce_git\QBECommerce\ShopQualityboltWebBlazor\ShopQualityboltWebBlazor.csproj]
C:\Projects\QBECommerce_git\QBECommerce\ShopQualityboltWebBlazor\Components\CustomComponents\CheckoutErrorDialog.razor(82,5): error CS0106: The modifier 'private' is not valid for this item [C:\Projects\QBECommerce_git\QBECommerce\ShopQualityboltWebBlazor\ShopQualityboltWebBlazor.csproj]
C:\Projects\QBECommerce_git\QBECommerce\ShopQualityboltWebBlazor\Components\CustomComponents\CheckoutErrorDialog.razor(82,34): error CS1002: ; expected [C:\Projects\QBECommerce_git\QBECommerce\ShopQualityboltWebBlazor\ShopQualityboltWebBlazor.csproj]
C:\Projects\QBECommerce_git\QBECommerce\ShopQualityboltWebBlazor\Components\CustomComponents\CheckoutErrorDialog.razor(82,48): error CS1525: Invalid expression term '=' [C:\Projects\QBECommerce_git\QBECommerce\ShopQualityboltWebBlazor\ShopQualityboltWebBlazor.csproj]
C:\Projects\QBECommerce_git\QBECommerce\ShopQualityboltWebBlazor\Components\CustomComponents\CheckoutErrorDialog.razor(85,5): error CS0106: The modifier 'private' is not valid for this item [C:\Projects\QBECommerce_git\QBECommerce\ShopQualityboltWebBlazor\ShopQualityboltWebBlazor.csproj]
C:\Projects\QBECommerce_git\QBECommerce\ShopQualityboltWebBlazor\Components\CustomComponents\CheckoutErrorDialog.razor(85,32): error CS1002: ; expected [C:\Projects\QBECommerce_git\QBECommerce\ShopQualityboltWebBlazor\ShopQualityboltWebBlazor.csproj]
C:\Projects\QBECommerce_git\QBECommerce\ShopQualityboltWebBlazor\Components\CustomComponents\CheckoutErrorDialog.razor(85,46): error CS1525: Invalid expression term '=' [C:\Projects\QBECommerce_git\QBECommerce\ShopQualityboltWebBlazor\ShopQualityboltWebBlazor.csproj]
C:\Projects\QBECommerce_git\QBECommerce\ShopQualityboltWebBlazor\Components\CustomComponents\CheckoutErrorDialog.razor(85,54): error CS1513: } expected [C:\Projects\QBECommerce_git\QBECommerce\ShopQualityboltWebBlazor\ShopQualityboltWebBlazor.csproj]
C:\Projects\QBECommerce_git\QBECommerce\ShopQualityboltWebBlazor\obj\Debug\net9.0\Microsoft.CodeAnalysis.Razor.Compiler\Microsoft.NET.Sdk.Razor.SourceGenerators.RazorSourceGenerator\Components_CustomComponents_CheckoutErrorDialog_razor.g.cs(754,1): error CS1022: Type or namespace definition, or end-of-file expected [C:\Projects\QBECommerce_git\QBECommerce\ShopQualityboltWebBlazor\ShopQualityboltWebBlazor.csproj]
C:\Projects\QBECommerce_git\QBECommerce\ShopQualityboltWebBlazor\Components\CustomComponents\RegisterDialog.razor(79,35): warning CS1998: This async method lacks 'await' operators and will run synchronously. Consider using the 'await' operator to await non-blocking API calls, or 'await Task.Run(...)' to do CPU-bound work on a background thread. [C:\Projects\QBECommerce_git\QBECommerce\ShopQualityboltWebBlazor\ShopQualityboltWebBlazor.csproj]
C:\Projects\QBECommerce_git\QBECommerce\ShopQualityboltWebBlazor\Components\CustomComponents\SpecificationFilter.razor(46,35): warning CS1998: This async method lacks 'await' operators and will run synchronously. Consider using the 'await' operator to await non-blocking API calls, or 'await Task.Run(...)' to do CPU-bound work on a background thread. [C:\Projects\QBECommerce_git\QBECommerce\ShopQualityboltWebBlazor\ShopQualityboltWebBlazor.csproj]
C:\Projects\QBECommerce_git\QBECommerce\ShopQualityboltWebBlazor\Components\CustomComponents\SpecificationFilter.razor(80,9): warning CS4014: Because this call is not awaited, execution of the current method continues before the call is completed. Consider applying the 'await' operator to the result of the call. [C:\Projects\QBECommerce_git\QBECommerce\ShopQualityboltWebBlazor\ShopQualityboltWebBlazor.csproj]
C:\Projects\QBECommerce_git\QBECommerce\ShopQualityboltWebBlazor\Components\CustomComponents\SpecificationFilter.razor(79,24): warning CS1998: This async method lacks 'await' operators and will run synchronously. Consider using the 'await' operator to await non-blocking API calls, or 'await Task.Run(...)' to do CPU-bound work on a background thread. [C:\Projects\QBECommerce_git\QBECommerce\ShopQualityboltWebBlazor\ShopQualityboltWebBlazor.csproj]
C:\Projects\QBECommerce_git\QBECommerce\ShopQualityboltWebBlazor\Components\Layout\MainLayout.razor(60,9): warning CS4014: Because this call is not awaited, execution of the current method continues before the call is completed. Consider applying the 'await' operator to the result of the call. [C:\Projects\QBECommerce_git\QBECommerce\ShopQualityboltWebBlazor\ShopQualityboltWebBlazor.csproj]
C:\Projects\QBECommerce_git\QBECommerce\ShopQualityboltWebBlazor\Components\Layout\MainLayout.razor(58,35): warning CS1998: This async method lacks 'await' operators and will run synchronously. Consider using the 'await' operator to await non-blocking API calls, or 'await Task.Run(...)' to do CPU-bound work on a background thread. [C:\Projects\QBECommerce_git\QBECommerce\ShopQualityboltWebBlazor\ShopQualityboltWebBlazor.csproj]
C:\Projects\QBECommerce_git\QBECommerce\ShopQualityboltWebBlazor\Components\Pages\QBSales\CartManagement.razor(187,58): warning CS1998: This async method lacks 'await' operators and will run synchronously. Consider using the 'await' operator to await non-blocking API calls, or 'await Task.Run(...)' to do CPU-bound work on a background thread. [C:\Projects\QBECommerce_git\QBECommerce\ShopQualityboltWebBlazor\ShopQualityboltWebBlazor.csproj]
C:\Projects\QBECommerce_git\QBECommerce\ShopQualityboltWebBlazor\Components\CustomComponents\CheckoutErrorDialog.razor(6,22): error CS0841: Cannot use local variable 'Title' before it is declared [C:\Projects\QBECommerce_git\QBECommerce\ShopQualityboltWebBlazor\ShopQualityboltWebBlazor.csproj]
C:\Projects\QBECommerce_git\QBECommerce\ShopQualityboltWebBlazor\Components\CustomComponents\CheckoutErrorDialog.razor(10,14): error CS0841: Cannot use local variable 'Message' before it is declared [C:\Projects\QBECommerce_git\QBECommerce\ShopQualityboltWebBlazor\ShopQualityboltWebBlazor.csproj]
C:\Projects\QBECommerce_git\QBECommerce\ShopQualityboltWebBlazor\Components\CustomComponents\CheckoutErrorDialog.razor(13,36): error CS0841: Cannot use local variable 'ResponseContent' before it is declared [C:\Projects\QBECommerce_git\QBECommerce\ShopQualityboltWebBlazor\ShopQualityboltWebBlazor.csproj]
C:\Projects\QBECommerce_git\QBECommerce\ShopQualityboltWebBlazor\Components\CustomComponents\CheckoutErrorDialog.razor(18,22): error CS0841: Cannot use local variable 'ResponseContent' before it is declared [C:\Projects\QBECommerce_git\QBECommerce\ShopQualityboltWebBlazor\ShopQualityboltWebBlazor.csproj]
C:\Projects\QBECommerce_git\QBECommerce\ShopQualityboltWebBlazor\Components\CustomComponents\CheckoutErrorDialog.razor(18,66): error CS0841: Cannot use local variable 'ResponseContent' before it is declared [C:\Projects\QBECommerce_git\QBECommerce\ShopQualityboltWebBlazor\ShopQualityboltWebBlazor.csproj]
C:\Projects\QBECommerce_git\QBECommerce\ShopQualityboltWebBlazor\Components\CustomComponents\CheckoutErrorDialog.razor(19,26): error CS0841: Cannot use local variable 'ResponseContent' before it is declared [C:\Projects\QBECommerce_git\QBECommerce\ShopQualityboltWebBlazor\ShopQualityboltWebBlazor.csproj]
C:\Projects\QBECommerce_git\QBECommerce\ShopQualityboltWebBlazor\Components\CustomComponents\CheckoutErrorDialog.razor(30,123): error CS0841: Cannot use local variable 'DebugInfo' before it is declared [C:\Projects\QBECommerce_git\QBECommerce\ShopQualityboltWebBlazor\ShopQualityboltWebBlazor.csproj]
C:\Projects\QBECommerce_git\QBECommerce\ShopQualityboltWebBlazor\Components\CustomComponents\CheckoutErrorDialog.razor(66,5): error CS7014: Attributes are not valid in this context. [C:\Projects\QBECommerce_git\QBECommerce\ShopQualityboltWebBlazor\ShopQualityboltWebBlazor.csproj]
C:\Projects\QBECommerce_git\QBECommerce\ShopQualityboltWebBlazor\Components\CustomComponents\CheckoutErrorDialog.razor(67,35): error CS0103: The name 'get' does not exist in the current context [C:\Projects\QBECommerce_git\QBECommerce\ShopQualityboltWebBlazor\ShopQualityboltWebBlazor.csproj]
C:\Projects\QBECommerce_git\QBECommerce\ShopQualityboltWebBlazor\Components\CustomComponents\CheckoutErrorDialog.razor(67,35): error CS0201: Only assignment, call, increment, decrement, await, and new object expressions can be used as a statement [C:\Projects\QBECommerce_git\QBECommerce\ShopQualityboltWebBlazor\ShopQualityboltWebBlazor.csproj]
C:\Projects\QBECommerce_git\QBECommerce\ShopQualityboltWebBlazor\Components\CustomComponents\CheckoutErrorDialog.razor(67,40): error CS0103: The name 'set' does not exist in the current context [C:\Projects\QBECommerce_git\QBECommerce\ShopQualityboltWebBlazor\ShopQualityboltWebBlazor.csproj]
C:\Projects\QBECommerce_git\QBECommerce\ShopQualityboltWebBlazor\Components\CustomComponents\CheckoutErrorDialog.razor(67,40): error CS0201: Only assignment, call, increment, decrement, await, and new object expressions can be used as a statement [C:\Projects\QBECommerce_git\QBECommerce\ShopQualityboltWebBlazor\ShopQualityboltWebBlazor.csproj]
C:\Projects\QBECommerce_git\QBECommerce\ShopQualityboltWebBlazor\Components\CustomComponents\CheckoutErrorDialog.razor(69,5): error CS7014: Attributes are not valid in this context. [C:\Projects\QBECommerce_git\QBECommerce\ShopQualityboltWebBlazor\ShopQualityboltWebBlazor.csproj]
C:\Projects\QBECommerce_git\QBECommerce\ShopQualityboltWebBlazor\Components\CustomComponents\CheckoutErrorDialog.razor(70,27): error CS0103: The name 'get' does not exist in the current context [C:\Projects\QBECommerce_git\QBECommerce\ShopQualityboltWebBlazor\ShopQualityboltWebBlazor.csproj]
C:\Projects\QBECommerce_git\QBECommerce\ShopQualityboltWebBlazor\Components\CustomComponents\CheckoutErrorDialog.razor(70,27): error CS0201: Only assignment, call, increment, decrement, await, and new object expressions can be used as a statement [C:\Projects\QBECommerce_git\QBECommerce\ShopQualityboltWebBlazor\ShopQualityboltWebBlazor.csproj]
C:\Projects\QBECommerce_git\QBECommerce\ShopQualityboltWebBlazor\Components\CustomComponents\CheckoutErrorDialog.razor(70,32): error CS0103: The name 'set' does not exist in the current context [C:\Projects\QBECommerce_git\QBECommerce\ShopQualityboltWebBlazor\ShopQualityboltWebBlazor.csproj]
C:\Projects\QBECommerce_git\QBECommerce\ShopQualityboltWebBlazor\Components\CustomComponents\CheckoutErrorDialog.razor(70,32): error CS0201: Only assignment, call, increment, decrement, await, and new object expressions can be used as a statement [C:\Projects\QBECommerce_git\QBECommerce\ShopQualityboltWebBlazor\ShopQualityboltWebBlazor.csproj]
C:\Projects\QBECommerce_git\QBECommerce\ShopQualityboltWebBlazor\Components\CustomComponents\CheckoutErrorDialog.razor(72,5): error CS7014: Attributes are not valid in this context. [C:\Projects\QBECommerce_git\QBECommerce\ShopQualityboltWebBlazor\ShopQualityboltWebBlazor.csproj]
C:\Projects\QBECommerce_git\QBECommerce\ShopQualityboltWebBlazor\Components\CustomComponents\CheckoutErrorDialog.razor(73,29): error CS0103: The name 'get' does not exist in the current context [C:\Projects\QBECommerce_git\QBECommerce\ShopQualityboltWebBlazor\ShopQualityboltWebBlazor.csproj]
C:\Projects\QBECommerce_git\QBECommerce\ShopQualityboltWebBlazor\Components\CustomComponents\CheckoutErrorDialog.razor(73,29): error CS0201: Only assignment, call, increment, decrement, await, and new object expressions can be used as a statement [C:\Projects\QBECommerce_git\QBECommerce\ShopQualityboltWebBlazor\ShopQualityboltWebBlazor.csproj]
C:\Projects\QBECommerce_git\QBECommerce\ShopQualityboltWebBlazor\Components\CustomComponents\CheckoutErrorDialog.razor(73,34): error CS0103: The name 'set' does not exist in the current context [C:\Projects\QBECommerce_git\QBECommerce\ShopQualityboltWebBlazor\ShopQualityboltWebBlazor.csproj]
C:\Projects\QBECommerce_git\QBECommerce\ShopQualityboltWebBlazor\Components\CustomComponents\CheckoutErrorDialog.razor(73,34): error CS0201: Only assignment, call, increment, decrement, await, and new object expressions can be used as a statement [C:\Projects\QBECommerce_git\QBECommerce\ShopQualityboltWebBlazor\ShopQualityboltWebBlazor.csproj]
C:\Projects\QBECommerce_git\QBECommerce\ShopQualityboltWebBlazor\Components\CustomComponents\CheckoutErrorDialog.razor(75,5): error CS7014: Attributes are not valid in this context. [C:\Projects\QBECommerce_git\QBECommerce\ShopQualityboltWebBlazor\ShopQualityboltWebBlazor.csproj]
C:\Projects\QBECommerce_git\QBECommerce\ShopQualityboltWebBlazor\Components\CustomComponents\CheckoutErrorDialog.razor(76,31): error CS0103: The name 'get' does not exist in the current context [C:\Projects\QBECommerce_git\QBECommerce\ShopQualityboltWebBlazor\ShopQualityboltWebBlazor.csproj]
C:\Projects\QBECommerce_git\QBECommerce\ShopQualityboltWebBlazor\Components\CustomComponents\CheckoutErrorDialog.razor(76,31): error CS0201: Only assignment, call, increment, decrement, await, and new object expressions can be used as a statement [C:\Projects\QBECommerce_git\QBECommerce\ShopQualityboltWebBlazor\ShopQualityboltWebBlazor.csproj]
C:\Projects\QBECommerce_git\QBECommerce\ShopQualityboltWebBlazor\Components\CustomComponents\CheckoutErrorDialog.razor(76,36): error CS0103: The name 'set' does not exist in the current context [C:\Projects\QBECommerce_git\QBECommerce\ShopQualityboltWebBlazor\ShopQualityboltWebBlazor.csproj]
C:\Projects\QBECommerce_git\QBECommerce\ShopQualityboltWebBlazor\Components\CustomComponents\CheckoutErrorDialog.razor(76,36): error CS0201: Only assignment, call, increment, decrement, await, and new object expressions can be used as a statement [C:\Projects\QBECommerce_git\QBECommerce\ShopQualityboltWebBlazor\ShopQualityboltWebBlazor.csproj]
C:\Projects\QBECommerce_git\QBECommerce\ShopQualityboltWebBlazor\Components\CustomComponents\CheckoutErrorDialog.razor(78,5): error CS7014: Attributes are not valid in this context. [C:\Projects\QBECommerce_git\QBECommerce\ShopQualityboltWebBlazor\ShopQualityboltWebBlazor.csproj]
C:\Projects\QBECommerce_git\QBECommerce\ShopQualityboltWebBlazor\Components\CustomComponents\CheckoutErrorDialog.razor(79,18): warning CS8669: The annotation for nullable reference types should only be used in code within a '#nullable' annotations context. Auto-generated code requires an explicit '#nullable' directive in source. [C:\Projects\QBECommerce_git\QBECommerce\ShopQualityboltWebBlazor\ShopQualityboltWebBlazor.csproj]
C:\Projects\QBECommerce_git\QBECommerce\ShopQualityboltWebBlazor\Components\CustomComponents\CheckoutErrorDialog.razor(79,38): error CS0103: The name 'get' does not exist in the current context [C:\Projects\QBECommerce_git\QBECommerce\ShopQualityboltWebBlazor\ShopQualityboltWebBlazor.csproj]
C:\Projects\QBECommerce_git\QBECommerce\ShopQualityboltWebBlazor\Components\CustomComponents\CheckoutErrorDialog.razor(79,38): error CS0201: Only assignment, call, increment, decrement, await, and new object expressions can be used as a statement [C:\Projects\QBECommerce_git\QBECommerce\ShopQualityboltWebBlazor\ShopQualityboltWebBlazor.csproj]
C:\Projects\QBECommerce_git\QBECommerce\ShopQualityboltWebBlazor\Components\CustomComponents\CheckoutErrorDialog.razor(79,43): error CS0103: The name 'set' does not exist in the current context [C:\Projects\QBECommerce_git\QBECommerce\ShopQualityboltWebBlazor\ShopQualityboltWebBlazor.csproj]
C:\Projects\QBECommerce_git\QBECommerce\ShopQualityboltWebBlazor\Components\CustomComponents\CheckoutErrorDialog.razor(79,43): error CS0201: Only assignment, call, increment, decrement, await, and new object expressions can be used as a statement [C:\Projects\QBECommerce_git\QBECommerce\ShopQualityboltWebBlazor\ShopQualityboltWebBlazor.csproj]
C:\Projects\QBECommerce_git\QBECommerce\ShopQualityboltWebBlazor\Components\CustomComponents\CheckoutErrorDialog.razor(81,5): error CS7014: Attributes are not valid in this context. [C:\Projects\QBECommerce_git\QBECommerce\ShopQualityboltWebBlazor\ShopQualityboltWebBlazor.csproj]
C:\Projects\QBECommerce_git\QBECommerce\ShopQualityboltWebBlazor\Components\CustomComponents\CheckoutErrorDialog.razor(82,36): error CS0103: The name 'get' does not exist in the current context [C:\Projects\QBECommerce_git\QBECommerce\ShopQualityboltWebBlazor\ShopQualityboltWebBlazor.csproj]
C:\Projects\QBECommerce_git\QBECommerce\ShopQualityboltWebBlazor\Components\CustomComponents\CheckoutErrorDialog.razor(82,36): error CS0201: Only assignment, call, increment, decrement, await, and new object expressions can be used as a statement [C:\Projects\QBECommerce_git\QBECommerce\ShopQualityboltWebBlazor\ShopQualityboltWebBlazor.csproj]
C:\Projects\QBECommerce_git\QBECommerce\ShopQualityboltWebBlazor\Components\CustomComponents\CheckoutErrorDialog.razor(82,41): error CS0103: The name 'set' does not exist in the current context [C:\Projects\QBECommerce_git\QBECommerce\ShopQualityboltWebBlazor\ShopQualityboltWebBlazor.csproj]
C:\Projects\QBECommerce_git\QBECommerce\ShopQualityboltWebBlazor\Components\CustomComponents\CheckoutErrorDialog.razor(82,41): error CS0201: Only assignment, call, increment, decrement, await, and new object expressions can be used as a statement [C:\Projects\QBECommerce_git\QBECommerce\ShopQualityboltWebBlazor\ShopQualityboltWebBlazor.csproj]
C:\Projects\QBECommerce_git\QBECommerce\ShopQualityboltWebBlazor\Components\CustomComponents\CheckoutErrorDialog.razor(84,5): error CS7014: Attributes are not valid in this context. [C:\Projects\QBECommerce_git\QBECommerce\ShopQualityboltWebBlazor\ShopQualityboltWebBlazor.csproj]
C:\Projects\QBECommerce_git\QBECommerce\ShopQualityboltWebBlazor\Components\CustomComponents\CheckoutErrorDialog.razor(85,34): error CS0103: The name 'get' does not exist in the current context [C:\Projects\QBECommerce_git\QBECommerce\ShopQualityboltWebBlazor\ShopQualityboltWebBlazor.csproj]
C:\Projects\QBECommerce_git\QBECommerce\ShopQualityboltWebBlazor\Components\CustomComponents\CheckoutErrorDialog.razor(85,34): error CS0201: Only assignment, call, increment, decrement, await, and new object expressions can be used as a statement [C:\Projects\QBECommerce_git\QBECommerce\ShopQualityboltWebBlazor\ShopQualityboltWebBlazor.csproj]
C:\Projects\QBECommerce_git\QBECommerce\ShopQualityboltWebBlazor\Components\CustomComponents\CheckoutErrorDialog.razor(85,39): error CS0103: The name 'set' does not exist in the current context [C:\Projects\QBECommerce_git\QBECommerce\ShopQualityboltWebBlazor\ShopQualityboltWebBlazor.csproj]
C:\Projects\QBECommerce_git\QBECommerce\ShopQualityboltWebBlazor\Components\CustomComponents\CheckoutErrorDialog.razor(85,39): error CS0201: Only assignment, call, increment, decrement, await, and new object expressions can be used as a statement [C:\Projects\QBECommerce_git\QBECommerce\ShopQualityboltWebBlazor\ShopQualityboltWebBlazor.csproj]
C:\Projects\QBECommerce_git\QBECommerce\ShopQualityboltWebBlazor\Components\CustomComponents\CheckoutErrorDialog.razor(67,23): warning CS0168: The variable 'MudDialog' is declared but never used [C:\Projects\QBECommerce_git\QBECommerce\ShopQualityboltWebBlazor\ShopQualityboltWebBlazor.csproj]
C:\Projects\QBECommerce_git\QBECommerce\ShopQualityboltWebBlazor\Components\CustomComponents\CheckoutErrorDialog.razor(82,24): warning CS0168: The variable 'JSRuntime' is declared but never used [C:\Projects\QBECommerce_git\QBECommerce\ShopQualityboltWebBlazor\ShopQualityboltWebBlazor.csproj]
C:\Projects\QBECommerce_git\QBECommerce\ShopQualityboltWebBlazor\Components\CustomComponents\CheckoutErrorDialog.razor(85,23): warning CS0168: The variable 'Snackbar' is declared but never used [C:\Projects\QBECommerce_git\QBECommerce\ShopQualityboltWebBlazor\ShopQualityboltWebBlazor.csproj]
C:\Projects\QBECommerce_git\QBECommerce\ShopQualityboltWebBlazor\Components\CustomComponents\CheckoutErrorDialog.razor(87,39): error CS0117: 'MudDialog' does not contain a definition for 'Close' [C:\Projects\QBECommerce_git\QBECommerce\ShopQualityboltWebBlazor\ShopQualityboltWebBlazor.csproj]
C:\Projects\QBECommerce_git\QBECommerce\ShopQualityboltWebBlazor\Components\CustomComponents\CartEditorDialog.razor(205,64): warning CS1998: This async method lacks 'await' operators and will run synchronously. Consider using the 'await' operator to await non-blocking API calls, or 'await Task.Run(...)' to do CPU-bound work on a background thread. [C:\Projects\QBECommerce_git\QBECommerce\ShopQualityboltWebBlazor\ShopQualityboltWebBlazor.csproj]
C:\Projects\QBECommerce_git\QBECommerce\ShopQualityboltWebBlazor\Components\CustomComponents\CheckoutErrorDialog.razor(92,9): error CS0103: The name 'Title' does not exist in the current context [C:\Projects\QBECommerce_git\QBECommerce\ShopQualityboltWebBlazor\ShopQualityboltWebBlazor.csproj]
C:\Projects\QBECommerce_git\QBECommerce\ShopQualityboltWebBlazor\Components\CustomComponents\CheckoutErrorDialog.razor(93,11): error CS0103: The name 'Message' does not exist in the current context [C:\Projects\QBECommerce_git\QBECommerce\ShopQualityboltWebBlazor\ShopQualityboltWebBlazor.csproj]
C:\Projects\QBECommerce_git\QBECommerce\ShopQualityboltWebBlazor\Components\CustomComponents\CheckoutErrorDialog.razor(97,2): error CS0103: The name 'DebugInfo' does not exist in the current context [C:\Projects\QBECommerce_git\QBECommerce\ShopQualityboltWebBlazor\ShopQualityboltWebBlazor.csproj]
C:\Projects\QBECommerce_git\QBECommerce\ShopQualityboltWebBlazor\Components\CustomComponents\CheckoutErrorDialog.razor(100,2): error CS0103: The name 'ResponseContent' does not exist in the current context [C:\Projects\QBECommerce_git\QBECommerce\ShopQualityboltWebBlazor\ShopQualityboltWebBlazor.csproj]
C:\Projects\QBECommerce_git\QBECommerce\ShopQualityboltWebBlazor\Components\CustomComponents\CheckoutErrorDialog.razor(105,19): error CS0120: An object reference is required for the non-static field, method, or property 'JSRuntimeExtensions.InvokeVoidAsync(IJSRuntime, string, params object?[]?)' [C:\Projects\QBECommerce_git\QBECommerce\ShopQualityboltWebBlazor\ShopQualityboltWebBlazor.csproj]
C:\Projects\QBECommerce_git\QBECommerce\ShopQualityboltWebBlazor\Components\CustomComponents\CheckoutErrorDialog.razor(106,26): error CS1739: The best overload for 'Add' does not have a parameter named 'message' [C:\Projects\QBECommerce_git\QBECommerce\ShopQualityboltWebBlazor\ShopQualityboltWebBlazor.csproj]
C:\Projects\QBECommerce_git\QBECommerce\ShopQualityboltWebBlazor\Components\CustomComponents\CheckoutErrorDialog.razor(111,19): error CS0120: An object reference is required for the non-static field, method, or property 'JSRuntimeExtensions.InvokeVoidAsync(IJSRuntime, string, params object?[]?)' [C:\Projects\QBECommerce_git\QBECommerce\ShopQualityboltWebBlazor\ShopQualityboltWebBlazor.csproj]
C:\Projects\QBECommerce_git\QBECommerce\ShopQualityboltWebBlazor\Components\CustomComponents\CheckoutErrorDialog.razor(112,26): error CS1739: The best overload for 'Add' does not have a parameter named 'message' [C:\Projects\QBECommerce_git\QBECommerce\ShopQualityboltWebBlazor\ShopQualityboltWebBlazor.csproj]
C:\Projects\QBECommerce_git\QBECommerce\ShopQualityboltWebBlazor\Program.cs(93,7): warning CS8632: The annotation for nullable reference types should only be used in code within a '#nullable' annotations context. [C:\Projects\QBECommerce_git\QBECommerce\ShopQualityboltWebBlazor\ShopQualityboltWebBlazor.csproj]
C:\Projects\QBECommerce_git\QBECommerce\ShopQualityboltWebBlazor\Program.cs(94,12): warning CS8632: The annotation for nullable reference types should only be used in code within a '#nullable' annotations context. [C:\Projects\QBECommerce_git\QBECommerce\ShopQualityboltWebBlazor\ShopQualityboltWebBlazor.csproj]
C:\Projects\QBECommerce_git\QBECommerce\ShopQualityboltWebBlazor\Program.cs(95,14): warning CS8632: The annotation for nullable reference types should only be used in code within a '#nullable' annotations context. [C:\Projects\QBECommerce_git\QBECommerce\ShopQualityboltWebBlazor\ShopQualityboltWebBlazor.csproj]
C:\Projects\QBECommerce_git\QBECommerce\ShopQualityboltWebBlazor\Program.cs(109,44): warning CS8632: The annotation for nullable reference types should only be used in code within a '#nullable' annotations context. [C:\Projects\QBECommerce_git\QBECommerce\ShopQualityboltWebBlazor\ShopQualityboltWebBlazor.csproj]
C:\Projects\QBECommerce_git\QBECommerce\ShopQualityboltWebBlazor\Program.cs(110,42): warning CS8632: The annotation for nullable reference types should only be used in code within a '#nullable' annotations context. [C:\Projects\QBECommerce_git\QBECommerce\ShopQualityboltWebBlazor\ShopQualityboltWebBlazor.csproj]
C:\Projects\QBECommerce_git\QBECommerce\ShopQualityboltWebBlazor\Components\Pages\Login.razor(179,24): warning CS1998: This async method lacks 'await' operators and will run synchronously. Consider using the 'await' operator to await non-blocking API calls, or 'await Task.Run(...)' to do CPU-bound work on a background thread. [C:\Projects\QBECommerce_git\QBECommerce\ShopQualityboltWebBlazor\ShopQualityboltWebBlazor.csproj]
C:\Projects\QBECommerce_git\QBECommerce\ShopQualityboltWebBlazor\Components\Pages\Login.razor(188,24): warning CS1998: This async method lacks 'await' operators and will run synchronously. Consider using the 'await' operator to await non-blocking API calls, or 'await Task.Run(...)' to do CPU-bound work on a background thread. [C:\Projects\QBECommerce_git\QBECommerce\ShopQualityboltWebBlazor\ShopQualityboltWebBlazor.csproj]
C:\Projects\QBECommerce_git\QBECommerce\ShopQualityboltWebBlazor\Components\Pages\Catalog.razor(303,24): warning CS1998: This async method lacks 'await' operators and will run synchronously. Consider using the 'await' operator to await non-blocking API calls, or 'await Task.Run(...)' to do CPU-bound work on a background thread. [C:\Projects\QBECommerce_git\QBECommerce\ShopQualityboltWebBlazor\ShopQualityboltWebBlazor.csproj]
C:\Projects\QBECommerce_git\QBECommerce\ShopQualityboltWebBlazor\Components\Pages\Login.razor(101,18): warning CS0169: The field 'Login._isAuthenticated' is never used [C:\Projects\QBECommerce_git\QBECommerce\ShopQualityboltWebBlazor\ShopQualityboltWebBlazor.csproj]
C:\Projects\QBECommerce_git\QBECommerce\ShopQualityboltWebBlazor\Components\Pages\Login.razor(103,32): warning CS0169: The field 'Login._identityAPICaller' is never used [C:\Projects\QBECommerce_git\QBECommerce\ShopQualityboltWebBlazor\ShopQualityboltWebBlazor.csproj]
C:\Projects\QBECommerce_git\QBECommerce\ShopQualityboltWebBlazor\Components\Pages\Login.razor(98,21): warning CS0414: The field 'Login._authMessage' is assigned but its value is never used [C:\Projects\QBECommerce_git\QBECommerce\ShopQualityboltWebBlazor\ShopQualityboltWebBlazor.csproj]
C:\Projects\QBECommerce_git\QBECommerce\ShopQualityboltWebBlazor\Components\CustomComponents\SpecificationFilter.razor(44,26): warning CS0414: The field 'SpecificationFilter.specs' is assigned but its value is never used [C:\Projects\QBECommerce_git\QBECommerce\ShopQualityboltWebBlazor\ShopQualityboltWebBlazor.csproj]
C:\Projects\QBECommerce_git\QBECommerce\ShopQualityboltWebBlazor\Components\CustomComponents\CreateCartDialog.razor(1,1): warning MUD0001: Illegal Parameter 'Clickable' on 'MudList' using 'V7IgnoreCase' source location '(188,16)-(188,73)' (https://mudblazor.com/features/analyzers) [C:\Projects\QBECommerce_git\QBECommerce\ShopQualityboltWebBlazor\ShopQualityboltWebBlazor.csproj]
C:\Projects\QBECommerce_git\QBECommerce\ShopQualityboltWebBlazor\Components\Pages\AdminClients.razor(1,1): warning MUD0002: Illegal Attribute 'Title' on 'MudIconButton' using pattern 'LowerCase' source location '(813,32)-(813,93)' (https://mudblazor.com/features/analyzers) [C:\Projects\QBECommerce_git\QBECommerce\ShopQualityboltWebBlazor\ShopQualityboltWebBlazor.csproj]
C:\Projects\QBECommerce_git\QBECommerce\ShopQualityboltWebBlazor\Components\Pages\AdminClients.razor(1,1): warning MUD0002: Illegal Attribute 'Title' on 'MudIconButton' using pattern 'LowerCase' source location '(885,32)-(885,101)' (https://mudblazor.com/features/analyzers) [C:\Projects\QBECommerce_git\QBECommerce\ShopQualityboltWebBlazor\ShopQualityboltWebBlazor.csproj]
C:\Projects\QBECommerce_git\QBECommerce\ShopQualityboltWebBlazor\Components\Pages\AdminClients.razor(1,1): warning MUD0002: Illegal Attribute 'Title' on 'MudIconButton' using pattern 'LowerCase' source location '(957,32)-(957,95)' (https://mudblazor.com/features/analyzers) [C:\Projects\QBECommerce_git\QBECommerce\ShopQualityboltWebBlazor\ShopQualityboltWebBlazor.csproj]

Build FAILED.

C:\Projects\QBECommerce_git\QBECommerce\ShopQualityboltWebBlazor\Components\Layout\MainLayout.razor(53,21): warning CS8669: The annotation for nullable reference types should only be used in code within a '#nullable' annotations context. Auto-generated code requires an explicit '#nullable' directive in source. [C:\Projects\QBECommerce_git\QBECommerce\ShopQualityboltWebBlazor\ShopQualityboltWebBlazor.csproj]
C:\Projects\QBECommerce_git\QBECommerce\ShopQualityboltWebBlazor\Components\CustomComponents\UserDialog.razor(85,37): warning CS8669: The annotation for nullable reference types should only be used in code within a '#nullable' annotations context. Auto-generated code requires an explicit '#nullable' directive in source. [C:\Projects\QBECommerce_git\QBECommerce\ShopQualityboltWebBlazor\ShopQualityboltWebBlazor.csproj]
C:\Projects\QBECommerce_git\QBECommerce\ShopQualityboltWebBlazor\Components\CustomComponents\UserDialog.razor(208,22): warning CS8669: The annotation for nullable reference types should only be used in code within a '#nullable' annotations context. Auto-generated code requires an explicit '#nullable' directive in source. [C:\Projects\QBECommerce_git\QBECommerce\ShopQualityboltWebBlazor\ShopQualityboltWebBlazor.csproj]
C:\Projects\QBECommerce_git\QBECommerce\ShopQualityboltWebBlazor\Components\CustomComponents\UserDialog.razor(209,22): warning CS8669: The annotation for nullable reference types should only be used in code within a '#nullable' annotations context. Auto-generated code requires an explicit '#nullable' directive in source. [C:\Projects\QBECommerce_git\QBECommerce\ShopQualityboltWebBlazor\ShopQualityboltWebBlazor.csproj]
C:\Projects\QBECommerce_git\QBECommerce\ShopQualityboltWebBlazor\Components\CustomComponents\UserDialog.razor(210,22): warning CS8669: The annotation for nullable reference types should only be used in code within a '#nullable' annotations context. Auto-generated code requires an explicit '#nullable' directive in source. [C:\Projects\QBECommerce_git\QBECommerce\ShopQualityboltWebBlazor\ShopQualityboltWebBlazor.csproj]
C:\Projects\QBECommerce_git\QBECommerce\ShopQualityboltWebBlazor\Components\Pages\Error.razor(29,24): warning CS8669: The annotation for nullable reference types should only be used in code within a '#nullable' annotations context. Auto-generated code requires an explicit '#nullable' directive in source. [C:\Projects\QBECommerce_git\QBECommerce\ShopQualityboltWebBlazor\ShopQualityboltWebBlazor.csproj]
C:\Projects\QBECommerce_git\QBECommerce\ShopQualityboltWebBlazor\Components\Pages\Error.razor(31,19): warning CS8669: The annotation for nullable reference types should only be used in code within a '#nullable' annotations context. Auto-generated code requires an explicit '#nullable' directive in source. [C:\Projects\QBECommerce_git\QBECommerce\ShopQualityboltWebBlazor\ShopQualityboltWebBlazor.csproj]
C:\Projects\QBECommerce_git\QBECommerce\ShopQualityboltWebBlazor\Components\Pages\DebugMigrationStatus.razor(204,32): warning CS8669: The annotation for nullable reference types should only be used in code within a '#nullable' annotations context. Auto-generated code requires an explicit '#nullable' directive in source. [C:\Projects\QBECommerce_git\QBECommerce\ShopQualityboltWebBlazor\ShopQualityboltWebBlazor.csproj]
C:\Projects\QBECommerce_git\QBECommerce\ShopQualityboltWebBlazor\Components\Pages\DebugMigrationStatus.razor(205,19): warning CS8669: The annotation for nullable reference types should only be used in code within a '#nullable' annotations context. Auto-generated code requires an explicit '#nullable' directive in source. [C:\Projects\QBECommerce_git\QBECommerce\ShopQualityboltWebBlazor\ShopQualityboltWebBlazor.csproj]
C:\Projects\QBECommerce_git\QBECommerce\ShopQualityboltWebBlazor\Components\Pages\AdminUsers.razor(117,52): warning CS8669: The annotation for nullable reference types should only be used in code within a '#nullable' annotations context. Auto-generated code requires an explicit '#nullable' directive in source. [C:\Projects\QBECommerce_git\QBECommerce\ShopQualityboltWebBlazor\ShopQualityboltWebBlazor.csproj]
C:\Projects\QBECommerce_git\QBECommerce\ShopQualityboltWebBlazor\Components\Pages\Cart.razor(384,99): warning CS8669: The annotation for nullable reference types should only be used in code within a '#nullable' annotations context. Auto-generated code requires an explicit '#nullable' directive in source. [C:\Projects\QBECommerce_git\QBECommerce\ShopQualityboltWebBlazor\ShopQualityboltWebBlazor.csproj]
C:\Projects\QBECommerce_git\QBECommerce\ShopQualityboltWebBlazor\Components\Pages\Login.razor(98,19): warning CS8669: The annotation for nullable reference types should only be used in code within a '#nullable' annotations context. Auto-generated code requires an explicit '#nullable' directive in source. [C:\Projects\QBECommerce_git\QBECommerce\ShopQualityboltWebBlazor\ShopQualityboltWebBlazor.csproj]
C:\Projects\QBECommerce_git\QBECommerce\ShopQualityboltWebBlazor\Components\Pages\Login.razor(99,19): warning CS8669: The annotation for nullable reference types should only be used in code within a '#nullable' annotations context. Auto-generated code requires an explicit '#nullable' directive in source. [C:\Projects\QBECommerce_git\QBECommerce\ShopQualityboltWebBlazor\ShopQualityboltWebBlazor.csproj]
C:\Projects\QBECommerce_git\QBECommerce\ShopQualityboltWebBlazor\Components\Pages\Login.razor(100,19): warning CS8669: The annotation for nullable reference types should only be used in code within a '#nullable' annotations context. Auto-generated code requires an explicit '#nullable' directive in source. [C:\Projects\QBECommerce_git\QBECommerce\ShopQualityboltWebBlazor\ShopQualityboltWebBlazor.csproj]
C:\Projects\QBECommerce_git\QBECommerce\ShopQualityboltWebBlazor\Components\Pages\Catalog.razor(153,44): warning CS8669: The annotation for nullable reference types should only be used in code within a '#nullable' annotations context. Auto-generated code requires an explicit '#nullable' directive in source. [C:\Projects\QBECommerce_git\QBECommerce\ShopQualityboltWebBlazor\ShopQualityboltWebBlazor.csproj]
C:\Projects\QBECommerce_git\QBECommerce\ShopQualityboltWebBlazor\Components\CustomComponents\RegisterDialog.razor(79,35): warning CS1998: This async method lacks 'await' operators and will run synchronously. Consider using the 'await' operator to await non-blocking API calls, or 'await Task.Run(...)' to do CPU-bound work on a background thread. [C:\Projects\QBECommerce_git\QBECommerce\ShopQualityboltWebBlazor\ShopQualityboltWebBlazor.csproj]
C:\Projects\QBECommerce_git\QBECommerce\ShopQualityboltWebBlazor\Components\CustomComponents\SpecificationFilter.razor(46,35): warning CS1998: This async method lacks 'await' operators and will run synchronously. Consider using the 'await' operator to await non-blocking API calls, or 'await Task.Run(...)' to do CPU-bound work on a background thread. [C:\Projects\QBECommerce_git\QBECommerce\ShopQualityboltWebBlazor\ShopQualityboltWebBlazor.csproj]
C:\Projects\QBECommerce_git\QBECommerce\ShopQualityboltWebBlazor\Components\CustomComponents\SpecificationFilter.razor(80,9): warning CS4014: Because this call is not awaited, execution of the current method continues before the call is completed. Consider applying the 'await' operator to the result of the call. [C:\Projects\QBECommerce_git\QBECommerce\ShopQualityboltWebBlazor\ShopQualityboltWebBlazor.csproj]
C:\Projects\QBECommerce_git\QBECommerce\ShopQualityboltWebBlazor\Components\CustomComponents\SpecificationFilter.razor(79,24): warning CS1998: This async method lacks 'await' operators and will run synchronously. Consider using the 'await' operator to await non-blocking API calls, or 'await Task.Run(...)' to do CPU-bound work on a background thread. [C:\Projects\QBECommerce_git\QBECommerce\ShopQualityboltWebBlazor\ShopQualityboltWebBlazor.csproj]
C:\Projects\QBECommerce_git\QBECommerce\ShopQualityboltWebBlazor\Components\Layout\MainLayout.razor(60,9): warning CS4014: Because this call is not awaited, execution of the current method continues before the call is completed. Consider applying the 'await' operator to the result of the call. [C:\Projects\QBECommerce_git\QBECommerce\ShopQualityboltWebBlazor\ShopQualityboltWebBlazor.csproj]
C:\Projects\QBECommerce_git\QBECommerce\ShopQualityboltWebBlazor\Components\Layout\MainLayout.razor(58,35): warning CS1998: This async method lacks 'await' operators and will run synchronously. Consider using the 'await' operator to await non-blocking API calls, or 'await Task.Run(...)' to do CPU-bound work on a background thread. [C:\Projects\QBECommerce_git\QBECommerce\ShopQualityboltWebBlazor\ShopQualityboltWebBlazor.csproj]
C:\Projects\QBECommerce_git\QBECommerce\ShopQualityboltWebBlazor\Components\Pages\QBSales\CartManagement.razor(187,58): warning CS1998: This async method lacks 'await' operators and will run synchronously. Consider using the 'await' operator to await non-blocking API calls, or 'await Task.Run(...)' to do CPU-bound work on a background thread. [C:\Projects\QBECommerce_git\QBECommerce\ShopQualityboltWebBlazor\ShopQualityboltWebBlazor.csproj]
C:\Projects\QBECommerce_git\QBECommerce\ShopQualityboltWebBlazor\Components\CustomComponents\CheckoutErrorDialog.razor(79,18): warning CS8669: The annotation for nullable reference types should only be used in code within a '#nullable' annotations context. Auto-generated code requires an explicit '#nullable' directive in source. [C:\Projects\QBECommerce_git\QBECommerce\ShopQualityboltWebBlazor\ShopQualityboltWebBlazor.csproj]
C:\Projects\QBECommerce_git\QBECommerce\ShopQualityboltWebBlazor\Components\CustomComponents\CheckoutErrorDialog.razor(67,23): warning CS0168: The variable 'MudDialog' is declared but never used [C:\Projects\QBECommerce_git\QBECommerce\ShopQualityboltWebBlazor\ShopQualityboltWebBlazor.csproj]
C:\Projects\QBECommerce_git\QBECommerce\ShopQualityboltWebBlazor\Components\CustomComponents\CheckoutErrorDialog.razor(82,24): warning CS0168: The variable 'JSRuntime' is declared but never used [C:\Projects\QBECommerce_git\QBECommerce\ShopQualityboltWebBlazor\ShopQualityboltWebBlazor.csproj]
C:\Projects\QBECommerce_git\QBECommerce\ShopQualityboltWebBlazor\Components\CustomComponents\CheckoutErrorDialog.razor(85,23): warning CS0168: The variable 'Snackbar' is declared but never used [C:\Projects\QBECommerce_git\QBECommerce\ShopQualityboltWebBlazor\ShopQualityboltWebBlazor.csproj]
C:\Projects\QBECommerce_git\QBECommerce\ShopQualityboltWebBlazor\Components\CustomComponents\CartEditorDialog.razor(205,64): warning CS1998: This async method lacks 'await' operators and will run synchronously. Consider using the 'await' operator to await non-blocking API calls, or 'await Task.Run(...)' to do CPU-bound work on a background thread. [C:\Projects\QBECommerce_git\QBECommerce\ShopQualityboltWebBlazor\ShopQualityboltWebBlazor.csproj]
C:\Projects\QBECommerce_git\QBECommerce\ShopQualityboltWebBlazor\Program.cs(93,7): warning CS8632: The annotation for nullable reference types should only be used in code within a '#nullable' annotations context. [C:\Projects\QBECommerce_git\QBECommerce\ShopQualityboltWebBlazor\ShopQualityboltWebBlazor.csproj]
C:\Projects\QBECommerce_git\QBECommerce\ShopQualityboltWebBlazor\Program.cs(94,12): warning CS8632: The annotation for nullable reference types should only be used in code within a '#nullable' annotations context. [C:\Projects\QBECommerce_git\QBECommerce\ShopQualityboltWebBlazor\ShopQualityboltWebBlazor.csproj]
C:\Projects\QBECommerce_git\QBECommerce\ShopQualityboltWebBlazor\Program.cs(95,14): warning CS8632: The annotation for nullable reference types should only be used in code within a '#nullable' annotations context. [C:\Projects\QBECommerce_git\QBECommerce\ShopQualityboltWebBlazor\ShopQualityboltWebBlazor.csproj]
C:\Projects\QBECommerce_git\QBECommerce\ShopQualityboltWebBlazor\Program.cs(109,44): warning CS8632: The annotation for nullable reference types should only be used in code within a '#nullable' annotations context. [C:\Projects\QBECommerce_git\QBECommerce\ShopQualityboltWebBlazor\ShopQualityboltWebBlazor.csproj]
C:\Projects\QBECommerce_git\QBECommerce\ShopQualityboltWebBlazor\Program.cs(110,42): warning CS8632: The annotation for nullable reference types should only be used in code within a '#nullable' annotations context. [C:\Projects\QBECommerce_git\QBECommerce\ShopQualityboltWebBlazor\ShopQualityboltWebBlazor.csproj]
C:\Projects\QBECommerce_git\QBECommerce\ShopQualityboltWebBlazor\Components\Pages\Login.razor(179,24): warning CS1998: This async method lacks 'await' operators and will run synchronously. Consider using the 'await' operator to await non-blocking API calls, or 'await Task.Run(...)' to do CPU-bound work on a background thread. [C:\Projects\QBECommerce_git\QBECommerce\ShopQualityboltWebBlazor\ShopQualityboltWebBlazor.csproj]
C:\Projects\QBECommerce_git\QBECommerce\ShopQualityboltWebBlazor\Components\Pages\Login.razor(188,24): warning CS1998: This async method lacks 'await' operators and will run synchronously. Consider using the 'await' operator to await non-blocking API calls, or 'await Task.Run(...)' to do CPU-bound work on a background thread. [C:\Projects\QBECommerce_git\QBECommerce\ShopQualityboltWebBlazor\ShopQualityboltWebBlazor.csproj]
C:\Projects\QBECommerce_git\QBECommerce\ShopQualityboltWebBlazor\Components\Pages\Catalog.razor(303,24): warning CS1998: This async method lacks 'await' operators and will run synchronously. Consider using the 'await' operator to await non-blocking API calls, or 'await Task.Run(...)' to do CPU-bound work on a background thread. [C:\Projects\QBECommerce_git\QBECommerce\ShopQualityboltWebBlazor\ShopQualityboltWebBlazor.csproj]
C:\Projects\QBECommerce_git\QBECommerce\ShopQualityboltWebBlazor\Components\Pages\Login.razor(101,18): warning CS0169: The field 'Login._isAuthenticated' is never used [C:\Projects\QBECommerce_git\QBECommerce\ShopQualityboltWebBlazor\ShopQualityboltWebBlazor.csproj]
C:\Projects\QBECommerce_git\QBECommerce\ShopQualityboltWebBlazor\Components\Pages\Login.razor(103,32): warning CS0169: The field 'Login._identityAPICaller' is never used [C:\Projects\QBECommerce_git\QBECommerce\ShopQualityboltWebBlazor\ShopQualityboltWebBlazor.csproj]
C:\Projects\QBECommerce_git\QBECommerce\ShopQualityboltWebBlazor\Components\Pages\Login.razor(98,21): warning CS0414: The field 'Login._authMessage' is assigned but its value is never used [C:\Projects\QBECommerce_git\QBECommerce\ShopQualityboltWebBlazor\ShopQualityboltWebBlazor.csproj]
C:\Projects\QBECommerce_git\QBECommerce\ShopQualityboltWebBlazor\Components\CustomComponents\SpecificationFilter.razor(44,26): warning CS0414: The field 'SpecificationFilter.specs' is assigned but its value is never used [C:\Projects\QBECommerce_git\QBECommerce\ShopQualityboltWebBlazor\ShopQualityboltWebBlazor.csproj]
C:\Projects\QBECommerce_git\QBECommerce\ShopQualityboltWebBlazor\Components\CustomComponents\CreateCartDialog.razor(1,1): warning MUD0001: Illegal Parameter 'Clickable' on 'MudList' using 'V7IgnoreCase' source location '(188,16)-(188,73)' (https://mudblazor.com/features/analyzers) [C:\Projects\QBECommerce_git\QBECommerce\ShopQualityboltWebBlazor\ShopQualityboltWebBlazor.csproj]
C:\Projects\QBECommerce_git\QBECommerce\ShopQualityboltWebBlazor\Components\Pages\AdminClients.razor(1,1): warning MUD0002: Illegal Attribute 'Title' on 'MudIconButton' using pattern 'LowerCase' source location '(813,32)-(813,93)' (https://mudblazor.com/features/analyzers) [C:\Projects\QBECommerce_git\QBECommerce\ShopQualityboltWebBlazor\ShopQualityboltWebBlazor.csproj]
C:\Projects\QBECommerce_git\QBECommerce\ShopQualityboltWebBlazor\Components\Pages\AdminClients.razor(1,1): warning MUD0002: Illegal Attribute 'Title' on 'MudIconButton' using pattern 'LowerCase' source location '(885,32)-(885,101)' (https://mudblazor.com/features/analyzers) [C:\Projects\QBECommerce_git\QBECommerce\ShopQualityboltWebBlazor\ShopQualityboltWebBlazor.csproj]
C:\Projects\QBECommerce_git\QBECommerce\ShopQualityboltWebBlazor\Components\Pages\AdminClients.razor(1,1): warning MUD0002: Illegal Attribute 'Title' on 'MudIconButton' using pattern 'LowerCase' source location '(957,32)-(957,95)' (https://mudblazor.com/features/analyzers) [C:\Projects\QBECommerce_git\QBECommerce\ShopQualityboltWebBlazor\ShopQualityboltWebBlazor.csproj]
C:\Projects\QBECommerce_git\QBECommerce\ShopQualityboltWebBlazor\Components\CustomComponents\CheckoutErrorDialog.razor(43,9): error RZ10001: The type of component 'MudList' cannot be inferred based on the values provided. Consider specifying the type arguments directly using the following attributes: 'T'. [C:\Projects\QBECommerce_git\QBECommerce\ShopQualityboltWebBlazor\ShopQualityboltWebBlazor.csproj]
C:\Projects\QBECommerce_git\QBECommerce\ShopQualityboltWebBlazor\Components\CustomComponents\CheckoutErrorDialog.razor(44,13): error RZ10001: The type of component 'MudListItem' cannot be inferred based on the values provided. Consider specifying the type arguments directly using the following attributes: 'T'. [C:\Projects\QBECommerce_git\QBECommerce\ShopQualityboltWebBlazor\ShopQualityboltWebBlazor.csproj]
C:\Projects\QBECommerce_git\QBECommerce\ShopQualityboltWebBlazor\Components\CustomComponents\CheckoutErrorDialog.razor(47,13): error RZ10001: The type of component 'MudListItem' cannot be inferred based on the values provided. Consider specifying the type arguments directly using the following attributes: 'T'. [C:\Projects\QBECommerce_git\QBECommerce\ShopQualityboltWebBlazor\ShopQualityboltWebBlazor.csproj]
C:\Projects\QBECommerce_git\QBECommerce\ShopQualityboltWebBlazor\Components\CustomComponents\CheckoutErrorDialog.razor(50,13): error RZ10001: The type of component 'MudListItem' cannot be inferred based on the values provided. Consider specifying the type arguments directly using the following attributes: 'T'. [C:\Projects\QBECommerce_git\QBECommerce\ShopQualityboltWebBlazor\ShopQualityboltWebBlazor.csproj]
C:\Projects\QBECommerce_git\QBECommerce\ShopQualityboltWebBlazor\Components\CustomComponents\CheckoutErrorDialog.razor(100,43): error RZ1000: Unterminated string literal.  Strings that start with a quotation mark (") must be terminated before the end of the line.  However, strings that start with @ and a quotation mark (@") can span multiple lines. [C:\Projects\QBECommerce_git\QBECommerce\ShopQualityboltWebBlazor\ShopQualityboltWebBlazor.csproj]
C:\Projects\QBECommerce_git\QBECommerce\ShopQualityboltWebBlazor\Components\CustomComponents\CheckoutErrorDialog.razor(101,1): error RZ1000: Unterminated string literal.  Strings that start with a quotation mark (") must be terminated before the end of the line.  However, strings that start with @ and a quotation mark (@") can span multiple lines. [C:\Projects\QBECommerce_git\QBECommerce\ShopQualityboltWebBlazor\ShopQualityboltWebBlazor.csproj]
C:\Projects\QBECommerce_git\QBECommerce\ShopQualityboltWebBlazor\Components\CustomComponents\CheckoutErrorDialog.razor(67,33): error CS1002: ; expected [C:\Projects\QBECommerce_git\QBECommerce\ShopQualityboltWebBlazor\ShopQualityboltWebBlazor.csproj]
C:\Projects\QBECommerce_git\QBECommerce\ShopQualityboltWebBlazor\Components\CustomComponents\CheckoutErrorDialog.razor(67,47): error CS1525: Invalid expression term '=' [C:\Projects\QBECommerce_git\QBECommerce\ShopQualityboltWebBlazor\ShopQualityboltWebBlazor.csproj]
C:\Projects\QBECommerce_git\QBECommerce\ShopQualityboltWebBlazor\Components\CustomComponents\CheckoutErrorDialog.razor(70,5): error CS0106: The modifier 'public' is not valid for this item [C:\Projects\QBECommerce_git\QBECommerce\ShopQualityboltWebBlazor\ShopQualityboltWebBlazor.csproj]
C:\Projects\QBECommerce_git\QBECommerce\ShopQualityboltWebBlazor\Components\CustomComponents\CheckoutErrorDialog.razor(70,25): error CS1002: ; expected [C:\Projects\QBECommerce_git\QBECommerce\ShopQualityboltWebBlazor\ShopQualityboltWebBlazor.csproj]
C:\Projects\QBECommerce_git\QBECommerce\ShopQualityboltWebBlazor\Components\CustomComponents\CheckoutErrorDialog.razor(70,39): error CS1525: Invalid expression term '=' [C:\Projects\QBECommerce_git\QBECommerce\ShopQualityboltWebBlazor\ShopQualityboltWebBlazor.csproj]
C:\Projects\QBECommerce_git\QBECommerce\ShopQualityboltWebBlazor\Components\CustomComponents\CheckoutErrorDialog.razor(73,5): error CS0106: The modifier 'public' is not valid for this item [C:\Projects\QBECommerce_git\QBECommerce\ShopQualityboltWebBlazor\ShopQualityboltWebBlazor.csproj]
C:\Projects\QBECommerce_git\QBECommerce\ShopQualityboltWebBlazor\Components\CustomComponents\CheckoutErrorDialog.razor(73,27): error CS1002: ; expected [C:\Projects\QBECommerce_git\QBECommerce\ShopQualityboltWebBlazor\ShopQualityboltWebBlazor.csproj]
C:\Projects\QBECommerce_git\QBECommerce\ShopQualityboltWebBlazor\Components\CustomComponents\CheckoutErrorDialog.razor(73,41): error CS1525: Invalid expression term '=' [C:\Projects\QBECommerce_git\QBECommerce\ShopQualityboltWebBlazor\ShopQualityboltWebBlazor.csproj]
C:\Projects\QBECommerce_git\QBECommerce\ShopQualityboltWebBlazor\Components\CustomComponents\CheckoutErrorDialog.razor(76,5): error CS0106: The modifier 'public' is not valid for this item [C:\Projects\QBECommerce_git\QBECommerce\ShopQualityboltWebBlazor\ShopQualityboltWebBlazor.csproj]
C:\Projects\QBECommerce_git\QBECommerce\ShopQualityboltWebBlazor\Components\CustomComponents\CheckoutErrorDialog.razor(76,29): error CS1002: ; expected [C:\Projects\QBECommerce_git\QBECommerce\ShopQualityboltWebBlazor\ShopQualityboltWebBlazor.csproj]
C:\Projects\QBECommerce_git\QBECommerce\ShopQualityboltWebBlazor\Components\CustomComponents\CheckoutErrorDialog.razor(76,43): error CS1525: Invalid expression term '=' [C:\Projects\QBECommerce_git\QBECommerce\ShopQualityboltWebBlazor\ShopQualityboltWebBlazor.csproj]
C:\Projects\QBECommerce_git\QBECommerce\ShopQualityboltWebBlazor\Components\CustomComponents\CheckoutErrorDialog.razor(79,5): error CS0106: The modifier 'public' is not valid for this item [C:\Projects\QBECommerce_git\QBECommerce\ShopQualityboltWebBlazor\ShopQualityboltWebBlazor.csproj]
C:\Projects\QBECommerce_git\QBECommerce\ShopQualityboltWebBlazor\Components\CustomComponents\CheckoutErrorDialog.razor(79,36): error CS1002: ; expected [C:\Projects\QBECommerce_git\QBECommerce\ShopQualityboltWebBlazor\ShopQualityboltWebBlazor.csproj]
C:\Projects\QBECommerce_git\QBECommerce\ShopQualityboltWebBlazor\Components\CustomComponents\CheckoutErrorDialog.razor(82,5): error CS0106: The modifier 'private' is not valid for this item [C:\Projects\QBECommerce_git\QBECommerce\ShopQualityboltWebBlazor\ShopQualityboltWebBlazor.csproj]
C:\Projects\QBECommerce_git\QBECommerce\ShopQualityboltWebBlazor\Components\CustomComponents\CheckoutErrorDialog.razor(82,34): error CS1002: ; expected [C:\Projects\QBECommerce_git\QBECommerce\ShopQualityboltWebBlazor\ShopQualityboltWebBlazor.csproj]
C:\Projects\QBECommerce_git\QBECommerce\ShopQualityboltWebBlazor\Components\CustomComponents\CheckoutErrorDialog.razor(82,48): error CS1525: Invalid expression term '=' [C:\Projects\QBECommerce_git\QBECommerce\ShopQualityboltWebBlazor\ShopQualityboltWebBlazor.csproj]
C:\Projects\QBECommerce_git\QBECommerce\ShopQualityboltWebBlazor\Components\CustomComponents\CheckoutErrorDialog.razor(85,5): error CS0106: The modifier 'private' is not valid for this item [C:\Projects\QBECommerce_git\QBECommerce\ShopQualityboltWebBlazor\ShopQualityboltWebBlazor.csproj]
C:\Projects\QBECommerce_git\QBECommerce\ShopQualityboltWebBlazor\Components\CustomComponents\CheckoutErrorDialog.razor(85,32): error CS1002: ; expected [C:\Projects\QBECommerce_git\QBECommerce\ShopQualityboltWebBlazor\ShopQualityboltWebBlazor.csproj]
C:\Projects\QBECommerce_git\QBECommerce\ShopQualityboltWebBlazor\Components\CustomComponents\CheckoutErrorDialog.razor(85,46): error CS1525: Invalid expression term '=' [C:\Projects\QBECommerce_git\QBECommerce\ShopQualityboltWebBlazor\ShopQualityboltWebBlazor.csproj]
C:\Projects\QBECommerce_git\QBECommerce\ShopQualityboltWebBlazor\Components\CustomComponents\CheckoutErrorDialog.razor(85,54): error CS1513: } expected [C:\Projects\QBECommerce_git\QBECommerce\ShopQualityboltWebBlazor\ShopQualityboltWebBlazor.csproj]
C:\Projects\QBECommerce_git\QBECommerce\ShopQualityboltWebBlazor\obj\Debug\net9.0\Microsoft.CodeAnalysis.Razor.Compiler\Microsoft.NET.Sdk.Razor.SourceGenerators.RazorSourceGenerator\Components_CustomComponents_CheckoutErrorDialog_razor.g.cs(754,1): error CS1022: Type or namespace definition, or end-of-file expected [C:\Projects\QBECommerce_git\QBECommerce\ShopQualityboltWebBlazor\ShopQualityboltWebBlazor.csproj]
C:\Projects\QBECommerce_git\QBECommerce\ShopQualityboltWebBlazor\Components\CustomComponents\CheckoutErrorDialog.razor(6,22): error CS0841: Cannot use local variable 'Title' before it is declared [C:\Projects\QBECommerce_git\QBECommerce\ShopQualityboltWebBlazor\ShopQualityboltWebBlazor.csproj]
C:\Projects\QBECommerce_git\QBECommerce\ShopQualityboltWebBlazor\Components\CustomComponents\CheckoutErrorDialog.razor(10,14): error CS0841: Cannot use local variable 'Message' before it is declared [C:\Projects\QBECommerce_git\QBECommerce\ShopQualityboltWebBlazor\ShopQualityboltWebBlazor.csproj]
C:\Projects\QBECommerce_git\QBECommerce\ShopQualityboltWebBlazor\Components\CustomComponents\CheckoutErrorDialog.razor(13,36): error CS0841: Cannot use local variable 'ResponseContent' before it is declared [C:\Projects\QBECommerce_git\QBECommerce\ShopQualityboltWebBlazor\ShopQualityboltWebBlazor.csproj]
C:\Projects\QBECommerce_git\QBECommerce\ShopQualityboltWebBlazor\Components\CustomComponents\CheckoutErrorDialog.razor(18,22): error CS0841: Cannot use local variable 'ResponseContent' before it is declared [C:\Projects\QBECommerce_git\QBECommerce\ShopQualityboltWebBlazor\ShopQualityboltWebBlazor.csproj]
C:\Projects\QBECommerce_git\QBECommerce\ShopQualityboltWebBlazor\Components\CustomComponents\CheckoutErrorDialog.razor(18,66): error CS0841: Cannot use local variable 'ResponseContent' before it is declared [C:\Projects\QBECommerce_git\QBECommerce\ShopQualityboltWebBlazor\ShopQualityboltWebBlazor.csproj]
C:\Projects\QBECommerce_git\QBECommerce\ShopQualityboltWebBlazor\Components\CustomComponents\CheckoutErrorDialog.razor(19,26): error CS0841: Cannot use local variable 'ResponseContent' before it is declared [C:\Projects\QBECommerce_git\QBECommerce\ShopQualityboltWebBlazor\ShopQualityboltWebBlazor.csproj]
C:\Projects\QBECommerce_git\QBECommerce\ShopQualityboltWebBlazor\Components\CustomComponents\CheckoutErrorDialog.razor(30,123): error CS0841: Cannot use local variable 'DebugInfo' before it is declared [C:\Projects\QBECommerce_git\QBECommerce\ShopQualityboltWebBlazor\ShopQualityboltWebBlazor.csproj]
C:\Projects\QBECommerce_git\QBECommerce\ShopQualityboltWebBlazor\Components\CustomComponents\CheckoutErrorDialog.razor(66,5): error CS7014: Attributes are not valid in this context. [C:\Projects\QBECommerce_git\QBECommerce\ShopQualityboltWebBlazor\ShopQualityboltWebBlazor.csproj]
C:\Projects\QBECommerce_git\QBECommerce\ShopQualityboltWebBlazor\Components\CustomComponents\CheckoutErrorDialog.razor(67,35): error CS0103: The name 'get' does not exist in the current context [C:\Projects\QBECommerce_git\QBECommerce\ShopQualityboltWebBlazor\ShopQualityboltWebBlazor.csproj]
C:\Projects\QBECommerce_git\QBECommerce\ShopQualityboltWebBlazor\Components\CustomComponents\CheckoutErrorDialog.razor(67,35): error CS0201: Only assignment, call, increment, decrement, await, and new object expressions can be used as a statement [C:\Projects\QBECommerce_git\QBECommerce\ShopQualityboltWebBlazor\ShopQualityboltWebBlazor.csproj]
C:\Projects\QBECommerce_git\QBECommerce\ShopQualityboltWebBlazor\Components\CustomComponents\CheckoutErrorDialog.razor(67,40): error CS0103: The name 'set' does not exist in the current context [C:\Projects\QBECommerce_git\QBECommerce\ShopQualityboltWebBlazor\ShopQualityboltWebBlazor.csproj]
C:\Projects\QBECommerce_git\QBECommerce\ShopQualityboltWebBlazor\Components\CustomComponents\CheckoutErrorDialog.razor(67,40): error CS0201: Only assignment, call, increment, decrement, await, and new object expressions can be used as a statement [C:\Projects\QBECommerce_git\QBECommerce\ShopQualityboltWebBlazor\ShopQualityboltWebBlazor.csproj]
C:\Projects\QBECommerce_git\QBECommerce\ShopQualityboltWebBlazor\Components\CustomComponents\CheckoutErrorDialog.razor(69,5): error CS7014: Attributes are not valid in this context. [C:\Projects\QBECommerce_git\QBECommerce\ShopQualityboltWebBlazor\ShopQualityboltWebBlazor.csproj]
C:\Projects\QBECommerce_git\QBECommerce\ShopQualityboltWebBlazor\Components\CustomComponents\CheckoutErrorDialog.razor(70,27): error CS0103: The name 'get' does not exist in the current context [C:\Projects\QBECommerce_git\QBECommerce\ShopQualityboltWebBlazor\ShopQualityboltWebBlazor.csproj]
C:\Projects\QBECommerce_git\QBECommerce\ShopQualityboltWebBlazor\Components\CustomComponents\CheckoutErrorDialog.razor(70,27): error CS0201: Only assignment, call, increment, decrement, await, and new object expressions can be used as a statement [C:\Projects\QBECommerce_git\QBECommerce\ShopQualityboltWebBlazor\ShopQualityboltWebBlazor.csproj]
C:\Projects\QBECommerce_git\QBECommerce\ShopQualityboltWebBlazor\Components\CustomComponents\CheckoutErrorDialog.razor(70,32): error CS0103: The name 'set' does not exist in the current context [C:\Projects\QBECommerce_git\QBECommerce\ShopQualityboltWebBlazor\ShopQualityboltWebBlazor.csproj]
C:\Projects\QBECommerce_git\QBECommerce\ShopQualityboltWebBlazor\Components\CustomComponents\CheckoutErrorDialog.razor(70,32): error CS0201: Only assignment, call, increment, decrement, await, and new object expressions can be used as a statement [C:\Projects\QBECommerce_git\QBECommerce\ShopQualityboltWebBlazor\ShopQualityboltWebBlazor.csproj]
C:\Projects\QBECommerce_git\QBECommerce\ShopQualityboltWebBlazor\Components\CustomComponents\CheckoutErrorDialog.razor(72,5): error CS7014: Attributes are not valid in this context. [C:\Projects\QBECommerce_git\QBECommerce\ShopQualityboltWebBlazor\ShopQualityboltWebBlazor.csproj]
C:\Projects\QBECommerce_git\QBECommerce\ShopQualityboltWebBlazor\Components\CustomComponents\CheckoutErrorDialog.razor(73,29): error CS0103: The name 'get' does not exist in the current context [C:\Projects\QBECommerce_git\QBECommerce\ShopQualityboltWebBlazor\ShopQualityboltWebBlazor.csproj]
C:\Projects\QBECommerce_git\QBECommerce\ShopQualityboltWebBlazor\Components\CustomComponents\CheckoutErrorDialog.razor(73,29): error CS0201: Only assignment, call, increment, decrement, await, and new object expressions can be used as a statement [C:\Projects\QBECommerce_git\QBECommerce\ShopQualityboltWebBlazor\ShopQualityboltWebBlazor.csproj]
C:\Projects\QBECommerce_git\QBECommerce\ShopQualityboltWebBlazor\Components\CustomComponents\CheckoutErrorDialog.razor(73,34): error CS0103: The name 'set' does not exist in the current context [C:\Projects\QBECommerce_git\QBECommerce\ShopQualityboltWebBlazor\ShopQualityboltWebBlazor.csproj]
C:\Projects\QBECommerce_git\QBECommerce\ShopQualityboltWebBlazor\Components\CustomComponents\CheckoutErrorDialog.razor(73,34): error CS0201: Only assignment, call, increment, decrement, await, and new object expressions can be used as a statement [C:\Projects\QBECommerce_git\QBECommerce\ShopQualityboltWebBlazor\ShopQualityboltWebBlazor.csproj]
C:\Projects\QBECommerce_git\QBECommerce\ShopQualityboltWebBlazor\Components\CustomComponents\CheckoutErrorDialog.razor(75,5): error CS7014: Attributes are not valid in this context. [C:\Projects\QBECommerce_git\QBECommerce\ShopQualityboltWebBlazor\ShopQualityboltWebBlazor.csproj]
C:\Projects\QBECommerce_git\QBECommerce\ShopQualityboltWebBlazor\Components\CustomComponents\CheckoutErrorDialog.razor(76,31): error CS0103: The name 'get' does not exist in the current context [C:\Projects\QBECommerce_git\QBECommerce\ShopQualityboltWebBlazor\ShopQualityboltWebBlazor.csproj]
C:\Projects\QBECommerce_git\QBECommerce\ShopQualityboltWebBlazor\Components\CustomComponents\CheckoutErrorDialog.razor(76,31): error CS0201: Only assignment, call, increment, decrement, await, and new object expressions can be used as a statement [C:\Projects\QBECommerce_git\QBECommerce\ShopQualityboltWebBlazor\ShopQualityboltWebBlazor.csproj]
C:\Projects\QBECommerce_git\QBECommerce\ShopQualityboltWebBlazor\Components\CustomComponents\CheckoutErrorDialog.razor(76,36): error CS0103: The name 'set' does not exist in the current context [C:\Projects\QBECommerce_git\QBECommerce\ShopQualityboltWebBlazor\ShopQualityboltWebBlazor.csproj]
C:\Projects\QBECommerce_git\QBECommerce\ShopQualityboltWebBlazor\Components\CustomComponents\CheckoutErrorDialog.razor(76,36): error CS0201: Only assignment, call, increment, decrement, await, and new object expressions can be used as a statement [C:\Projects\QBECommerce_git\QBECommerce\ShopQualityboltWebBlazor\ShopQualityboltWebBlazor.csproj]
C:\Projects\QBECommerce_git\QBECommerce\ShopQualityboltWebBlazor\Components\CustomComponents\CheckoutErrorDialog.razor(78,5): error CS7014: Attributes are not valid in this context. [C:\Projects\QBECommerce_git\QBECommerce\ShopQualityboltWebBlazor\ShopQualityboltWebBlazor.csproj]
C:\Projects\QBECommerce_git\QBECommerce\ShopQualityboltWebBlazor\Components\CustomComponents\CheckoutErrorDialog.razor(79,38): error CS0103: The name 'get' does not exist in the current context [C:\Projects\QBECommerce_git\QBECommerce\ShopQualityboltWebBlazor\ShopQualityboltWebBlazor.csproj]
C:\Projects\QBECommerce_git\QBECommerce\ShopQualityboltWebBlazor\Components\CustomComponents\CheckoutErrorDialog.razor(79,38): error CS0201: Only assignment, call, increment, decrement, await, and new object expressions can be used as a statement [C:\Projects\QBECommerce_git\QBECommerce\ShopQualityboltWebBlazor\ShopQualityboltWebBlazor.csproj]
C:\Projects\QBECommerce_git\QBECommerce\ShopQualityboltWebBlazor\Components\CustomComponents\CheckoutErrorDialog.razor(79,43): error CS0103: The name 'set' does not exist in the current context [C:\Projects\QBECommerce_git\QBECommerce\ShopQualityboltWebBlazor\ShopQualityboltWebBlazor.csproj]
C:\Projects\QBECommerce_git\QBECommerce\ShopQualityboltWebBlazor\Components\CustomComponents\CheckoutErrorDialog.razor(79,43): error CS0201: Only assignment, call, increment, decrement, await, and new object expressions can be used as a statement [C:\Projects\QBECommerce_git\QBECommerce\ShopQualityboltWebBlazor\ShopQualityboltWebBlazor.csproj]
C:\Projects\QBECommerce_git\QBECommerce\ShopQualityboltWebBlazor\Components\CustomComponents\CheckoutErrorDialog.razor(81,5): error CS7014: Attributes are not valid in this context. [C:\Projects\QBECommerce_git\QBECommerce\ShopQualityboltWebBlazor\ShopQualityboltWebBlazor.csproj]
C:\Projects\QBECommerce_git\QBECommerce\ShopQualityboltWebBlazor\Components\CustomComponents\CheckoutErrorDialog.razor(82,36): error CS0103: The name 'get' does not exist in the current context [C:\Projects\QBECommerce_git\QBECommerce\ShopQualityboltWebBlazor\ShopQualityboltWebBlazor.csproj]
C:\Projects\QBECommerce_git\QBECommerce\ShopQualityboltWebBlazor\Components\CustomComponents\CheckoutErrorDialog.razor(82,36): error CS0201: Only assignment, call, increment, decrement, await, and new object expressions can be used as a statement [C:\Projects\QBECommerce_git\QBECommerce\ShopQualityboltWebBlazor\ShopQualityboltWebBlazor.csproj]
C:\Projects\QBECommerce_git\QBECommerce\ShopQualityboltWebBlazor\Components\CustomComponents\CheckoutErrorDialog.razor(82,41): error CS0103: The name 'set' does not exist in the current context [C:\Projects\QBECommerce_git\QBECommerce\ShopQualityboltWebBlazor\ShopQualityboltWebBlazor.csproj]
C:\Projects\QBECommerce_git\QBECommerce\ShopQualityboltWebBlazor\Components\CustomComponents\CheckoutErrorDialog.razor(82,41): error CS0201: Only assignment, call, increment, decrement, await, and new object expressions can be used as a statement [C:\Projects\QBECommerce_git\QBECommerce\ShopQualityboltWebBlazor\ShopQualityboltWebBlazor.csproj]
C:\Projects\QBECommerce_git\QBECommerce\ShopQualityboltWebBlazor\Components\CustomComponents\CheckoutErrorDialog.razor(84,5): error CS7014: Attributes are not valid in this context. [C:\Projects\QBECommerce_git\QBECommerce\ShopQualityboltWebBlazor\ShopQualityboltWebBlazor.csproj]
C:\Projects\QBECommerce_git\QBECommerce\ShopQualityboltWebBlazor\Components\CustomComponents\CheckoutErrorDialog.razor(85,34): error CS0103: The name 'get' does not exist in the current context [C:\Projects\QBECommerce_git\QBECommerce\ShopQualityboltWebBlazor\ShopQualityboltWebBlazor.csproj]
C:\Projects\QBECommerce_git\QBECommerce\ShopQualityboltWebBlazor\Components\CustomComponents\CheckoutErrorDialog.razor(85,34): error CS0201: Only assignment, call, increment, decrement, await, and new object expressions can be used as a statement [C:\Projects\QBECommerce_git\QBECommerce\ShopQualityboltWebBlazor\ShopQualityboltWebBlazor.csproj]
C:\Projects\QBECommerce_git\QBECommerce\ShopQualityboltWebBlazor\Components\CustomComponents\CheckoutErrorDialog.razor(85,39): error CS0103: The name 'set' does not exist in the current context [C:\Projects\QBECommerce_git\QBECommerce\ShopQualityboltWebBlazor\ShopQualityboltWebBlazor.csproj]
C:\Projects\QBECommerce_git\QBECommerce\ShopQualityboltWebBlazor\Components\CustomComponents\CheckoutErrorDialog.razor(85,39): error CS0201: Only assignment, call, increment, decrement, await, and new object expressions can be used as a statement [C:\Projects\QBECommerce_git\QBECommerce\ShopQualityboltWebBlazor\ShopQualityboltWebBlazor.csproj]
C:\Projects\QBECommerce_git\QBECommerce\ShopQualityboltWebBlazor\Components\CustomComponents\CheckoutErrorDialog.razor(87,39): error CS0117: 'MudDialog' does not contain a definition for 'Close' [C:\Projects\QBECommerce_git\QBECommerce\ShopQualityboltWebBlazor\ShopQualityboltWebBlazor.csproj]
C:\Projects\QBECommerce_git\QBECommerce\ShopQualityboltWebBlazor\Components\CustomComponents\CheckoutErrorDialog.razor(92,9): error CS0103: The name 'Title' does not exist in the current context [C:\Projects\QBECommerce_git\QBECommerce\ShopQualityboltWebBlazor\ShopQualityboltWebBlazor.csproj]
C:\Projects\QBECommerce_git\QBECommerce\ShopQualityboltWebBlazor\Components\CustomComponents\CheckoutErrorDialog.razor(93,11): error CS0103: The name 'Message' does not exist in the current context [C:\Projects\QBECommerce_git\QBECommerce\ShopQualityboltWebBlazor\ShopQualityboltWebBlazor.csproj]
C:\Projects\QBECommerce_git\QBECommerce\ShopQualityboltWebBlazor\Components\CustomComponents\CheckoutErrorDialog.razor(97,2): error CS0103: The name 'DebugInfo' does not exist in the current context [C:\Projects\QBECommerce_git\QBECommerce\ShopQualityboltWebBlazor\ShopQualityboltWebBlazor.csproj]
C:\Projects\QBECommerce_git\QBECommerce\ShopQualityboltWebBlazor\Components\CustomComponents\CheckoutErrorDialog.razor(100,2): error CS0103: The name 'ResponseContent' does not exist in the current context [C:\Projects\QBECommerce_git\QBECommerce\ShopQualityboltWebBlazor\ShopQualityboltWebBlazor.csproj]
C:\Projects\QBECommerce_git\QBECommerce\ShopQualityboltWebBlazor\Components\CustomComponents\CheckoutErrorDialog.razor(105,19): error CS0120: An object reference is required for the non-static field, method, or property 'JSRuntimeExtensions.InvokeVoidAsync(IJSRuntime, string, params object?[]?)' [C:\Projects\QBECommerce_git\QBECommerce\ShopQualityboltWebBlazor\ShopQualityboltWebBlazor.csproj]
C:\Projects\QBECommerce_git\QBECommerce\ShopQualityboltWebBlazor\Components\CustomComponents\CheckoutErrorDialog.razor(106,26): error CS1739: The best overload for 'Add' does not have a parameter named 'message' [C:\Projects\QBECommerce_git\QBECommerce\ShopQualityboltWebBlazor\ShopQualityboltWebBlazor.csproj]
C:\Projects\QBECommerce_git\QBECommerce\ShopQualityboltWebBlazor\Components\CustomComponents\CheckoutErrorDialog.razor(111,19): error CS0120: An object reference is required for the non-static field, method, or property 'JSRuntimeExtensions.InvokeVoidAsync(IJSRuntime, string, params object?[]?)' [C:\Projects\QBECommerce_git\QBECommerce\ShopQualityboltWebBlazor\ShopQualityboltWebBlazor.csproj]
C:\Projects\QBECommerce_git\QBECommerce\ShopQualityboltWebBlazor\Components\CustomComponents\CheckoutErrorDialog.razor(112,26): error CS1739: The best overload for 'Add' does not have a parameter named 'message' [C:\Projects\QBECommerce_git\QBECommerce\ShopQualityboltWebBlazor\ShopQualityboltWebBlazor.csproj]
    43 Warning(s)
    78 Error(s)

Time Elapsed 00:00:05.41
